******************************************************************************
                  TI ARM Linker PC v5.2.6                      
******************************************************************************
>> Linked Thu Mar 28 15:51:25 2019

OUTPUT FILE NAME:   <LED_R.out>
ENTRY POINT SYMBOL: "_c_int00"  address: 0000058d


MEMORY CONFIGURATION

         name            origin    length      used     unused   attr    fill
----------------------  --------  ---------  --------  --------  ----  --------
  FLASH                 00000000   00040000  000007c2  0003f83e  R  X
  SRAM                  20000000   00008000  00000214  00007dec  RW X


SEGMENT ALLOCATION MAP

run origin  load origin   length   init length attrs members
----------  ----------- ---------- ----------- ----- -------
00000000    00000000    000007c8   000007c8    r-x
  00000000    00000000    0000026c   0000026c    r-- .intvecs
  0000026c    0000026c    00000536   00000536    r-x .text
  000007a8    000007a8    00000020   00000020    r-- .cinit
20000000    20000000    00000214   00000000    rw-
  20000000    20000000    00000200   00000000    rw- .stack
  20000200    20000200    00000014   00000000    rw- .data


SECTION ALLOCATION MAP

 output                                  attributes/
section   page    origin      length       input sections
--------  ----  ----------  ----------   ----------------
.intvecs   0    00000000    0000026c     
                  00000000    0000026c     startup_ccs.obj (.intvecs)

.text      0    0000026c    00000536     
                  0000026c    00000132     driverlib.lib : gpio.obj (.text:GPIOPadConfigSet)
                  0000039e    0000009c     rtsv7M4_T_le_v4SPD16_eabi.lib : memcpy_t2.obj (.text)
                  0000043a    0000007a                                   : memset_t2.obj (.text)
                  000004b4    0000006c                                   : autoinit.obj (.text)
                  00000520    0000006a                                   : copy_decompress_rle.obj (.text)
                  0000058a    00000002     startup_ccs.obj (.text:FaultISR)
                  0000058c    00000050     rtsv7M4_T_le_v4SPD16_eabi.lib : boot.obj (.text)
                  000005dc    0000004c                                   : cpy_tbl.obj (.text)
                  00000628    00000044                                   : exit.obj (.text)
                  0000066c    00000038     driverlib.lib : sysctl.obj (.text:SysCtlPeripheralReady)
                  000006a4    00000034                   : sysctl.obj (.text:SysCtlPeripheralEnable)
                  000006d8    00000034     blinky.obj (.text:main)
                  0000070c    0000002a     driverlib.lib : gpio.obj (.text:GPIODirModeSet)
                  00000736    00000018                   : gpio.obj (.text:GPIOPinTypeGPIOOutput)
                  0000074e    00000002     startup_ccs.obj (.text:IntDefaultHandler)
                  00000750    00000018     rtsv7M4_T_le_v4SPD16_eabi.lib : args_main.obj (.text)
                  00000768    00000014                                   : _lock.obj (.text)
                  0000077c    0000000e                                   : copy_decompress_none.obj (.text:decompress:none)
                  0000078a    00000006     driverlib.lib : gpio.obj (.text:GPIOPinWrite)
                  00000790    00000006     startup_ccs.obj (.text:ResetISR)
                  00000796    00000006     rtsv7M4_T_le_v4SPD16_eabi.lib : copy_decompress_rle.obj (.text:decompress:rle24)
                  0000079c    00000004                                   : pre_init.obj (.text)
                  000007a0    00000002     startup_ccs.obj (.text:NmiSR)

.cinit     0    000007a8    00000020     
                  000007a8    0000000f     (.cinit..data.load) [load image, compression = rle]
                  000007b7    00000001     --HOLE-- [fill = 0]
                  000007b8    00000008     (__TI_handler_table)
                  000007c0    00000008     (__TI_cinit_table)

.init_array 
*          0    00000000    00000000     UNINITIALIZED

.stack     0    20000000    00000200     UNINITIALIZED
                  20000000    00000200     --HOLE--

.data      0    20000200    00000014     UNINITIALIZED
                  20000200    00000008     rtsv7M4_T_le_v4SPD16_eabi.lib : _lock.obj (.data)
                  20000208    00000008                                   : exit.obj (.data)
                  20000210    00000004                                   : stkdepth_vars.obj (.data)

.TI.persistent 
*          0    20000200    00000000     UNINITIALIZED


LINKER GENERATED COPY TABLES

__TI_cinit_table @ 000007c0 records: 1, size/record: 8, table size: 8
	.data: load addr=000007a8, load size=0000000f bytes, run addr=20000200, run size=00000014 bytes, compression=rle


LINKER GENERATED HANDLER TABLE

__TI_handler_table @ 000007b8 records: 2, size/record: 4, table size: 8
	index: 0, handler: __TI_decompress_rle24
	index: 1, handler: __TI_decompress_none


GLOBAL SYMBOLS: SORTED ALPHABETICALLY BY Name 

address   name                    
-------   ----                    
00000629  C$$EXIT                 
0000070d  GPIODirModeSet          
0000026d  GPIOPadConfigSet        
00000737  GPIOPinTypeGPIOOutput   
0000078b  GPIOPinWrite            
00000791  ResetISR                
UNDEFED   SHT$$INIT_ARRAY$$Base   
UNDEFED   SHT$$INIT_ARRAY$$Limit  
000006a5  SysCtlPeripheralEnable  
0000066d  SysCtlPeripheralReady   
20000200  __STACK_END             
00000200  __STACK_SIZE            
20000200  __STACK_TOP             
000007c0  __TI_CINIT_Base         
000007c8  __TI_CINIT_Limit        
000007b8  __TI_Handler_Table_Base 
000007c0  __TI_Handler_Table_Limit
000004b5  __TI_auto_init          
20000208  __TI_cleanup_ptr        
0000077d  __TI_decompress_none    
00000797  __TI_decompress_rle24   
2000020c  __TI_dtors_ptr          
00000000  __TI_static_base__      
0000043b  __aeabi_memclr          
0000043b  __aeabi_memclr4         
0000043b  __aeabi_memclr8         
0000039f  __aeabi_memcpy          
0000039f  __aeabi_memcpy4         
0000039f  __aeabi_memcpy8         
0000043d  __aeabi_memset          
0000043d  __aeabi_memset4         
0000043d  __aeabi_memset8         
ffffffff  __binit__               
ffffffff  __c_args__              
20000000  __stack                 
00000751  _args_main              
0000058d  _c_int00                
20000200  _lock                   
00000777  _nop                    
0000076f  _register_lock          
00000769  _register_unlock        
0000079d  _system_pre_init        
20000204  _unlock                 
0000062d  abort                   
ffffffff  binit                   
000005dd  copy_in                 
00000635  exit                    
00000000  g_pfnVectors            
000006d9  main                    
20000210  main_func_sp            
0000039f  memcpy                  
00000443  memset                  


GLOBAL SYMBOLS: SORTED BY Symbol Address 

address   name                    
-------   ----                    
00000000  __TI_static_base__      
00000000  g_pfnVectors            
00000200  __STACK_SIZE            
0000026d  GPIOPadConfigSet        
0000039f  __aeabi_memcpy          
0000039f  __aeabi_memcpy4         
0000039f  __aeabi_memcpy8         
0000039f  memcpy                  
0000043b  __aeabi_memclr          
0000043b  __aeabi_memclr4         
0000043b  __aeabi_memclr8         
0000043d  __aeabi_memset          
0000043d  __aeabi_memset4         
0000043d  __aeabi_memset8         
00000443  memset                  
000004b5  __TI_auto_init          
0000058d  _c_int00                
000005dd  copy_in                 
00000629  C$$EXIT                 
0000062d  abort                   
00000635  exit                    
0000066d  SysCtlPeripheralReady   
000006a5  SysCtlPeripheralEnable  
000006d9  main                    
0000070d  GPIODirModeSet          
00000737  GPIOPinTypeGPIOOutput   
00000751  _args_main              
00000769  _register_unlock        
0000076f  _register_lock          
00000777  _nop                    
0000077d  __TI_decompress_none    
0000078b  GPIOPinWrite            
00000791  ResetISR                
00000797  __TI_decompress_rle24   
0000079d  _system_pre_init        
000007b8  __TI_Handler_Table_Base 
000007c0  __TI_CINIT_Base         
000007c0  __TI_Handler_Table_Limit
000007c8  __TI_CINIT_Limit        
20000000  __stack                 
20000200  __STACK_END             
20000200  __STACK_TOP             
20000200  _lock                   
20000204  _unlock                 
20000208  __TI_cleanup_ptr        
2000020c  __TI_dtors_ptr          
20000210  main_func_sp            
ffffffff  __binit__               
ffffffff  __c_args__              
ffffffff  binit                   
UNDEFED   SHT$$INIT_ARRAY$$Base   
UNDEFED   SHT$$INIT_ARRAY$$Limit  

[52 symbols]
